C51 COMPILER V9.00   MAIN                                                                  05/01/2016 15:54:21 PAGE 1   


C51 COMPILER V9.00, COMPILATION OF MODULE MAIN
OBJECT MODULE PLACED IN main.OBJ
COMPILER INVOKED BY: D:\Keil\C51\BIN\C51.EXE main.c BROWSE DEBUG OBJECTEXTEND

line level    source

   1          #include <STC12C5A60S2.H>
   2          #include "common.h"
   3          #include "uart.h" 
   4          #include "mp3.h"
   5          
   6          sbit INPUT_2 = P0^1; //2中 串联线路输入 
   7          sbit OUTPUT_2_DOOR = P0^1; //2 到3的 电磁锁 
   8          sbit INPUT_3_LINE_SIGNAL = P0^1; //3 的 霍尔开关线路输入 
   9          unsigned char step = 2;
  10          
  11          void main()
  12          {
  13   1              sys_init();
  14   1              mp3_init(); 
  15   1              while(1)
  16   1              {
  17   2                      if(step == 2)
  18   2                      {               
  19   3                              if(INPUT_2 == 1)
  20   3                              {
  21   4                                      delay_ms(500);
  22   4                                      if(INPUT_2 == 1)
  23   4                                      {
  24   5                                              OUTPUT_2_DOOR = 0; // 打开2到3的地磁锁 
  25   5                                              step = 3;
  26   5                                      }                       
  27   4                              }
  28   3                      }
  29   2                      
  30   2                      if(step == 3)
  31   2                      {
  32   3                              if(INPUT_3_LINE_SIGNAL == 1)
  33   3                              {
  34   4                                      delay_ms(500); 
  35   4                                      if(INPUT_3_LINE_SIGNAL == 1)
  36   4                                      {
  37   5                                              
  38   5                                      }
  39   4                              } 
  40   3                      }
  41   2              }
  42   1      }


MODULE INFORMATION:   STATIC OVERLAYABLE
   CODE SIZE        =    447    ----
   CONSTANT SIZE    =   ----    ----
   XDATA SIZE       =   ----    ----
   PDATA SIZE       =   ----    ----
   DATA SIZE        =      2    ----
   IDATA SIZE       =   ----    ----
   BIT SIZE         =   ----    ----
END OF MODULE INFORMATION.


C51 COMPILATION COMPLETE.  0 WARNING(S),  0 ERROR(S)
