BL51 BANKED LINKER/LOCATER V6.22                                                        05/08/2016  17:32:42  PAGE 1


BL51 BANKED LINKER/LOCATER V6.22, INVOKED BY:
C:\KEIL\C51\BIN\BL51.EXE STARTUP.obj, main.obj TO test RAMSIZE (256)


MEMORY MODEL: SMALL


INPUT MODULES INCLUDED:
  STARTUP.obj (?C_STARTUP)
  main.obj (MAIN)
  C:\KEIL\C51\LIB\C51S.LIB (?C?CLDPTR)


LINK MAP OF MODULE:  test (?C_STARTUP)


            TYPE    BASE      LENGTH    RELOCATION   SEGMENT NAME
            -----------------------------------------------------

            * * * * * * *   D A T A   M E M O R Y   * * * * * * *
            REG     0000H     0008H     ABSOLUTE     "REG BANK 0"
            DATA    0008H     0001H     UNIT         ?DT?MAIN
            IDATA   0009H     0001H     UNIT         ?STACK

            * * * * * * *   C O D E   M E M O R Y   * * * * * * *
            CODE    0000H     0003H     ABSOLUTE     
            CODE    0003H     001BH     UNIT         ?PR?SYS_INIT?MAIN
                    001EH     0005H                  *** GAP ***
            CODE    0023H     0003H     ABSOLUTE     
            CODE    0026H     00D9H     UNIT         ?PR?_MP3?MAIN
            CODE    00FFH     002AH     UNIT         ?PR?MAIN?MAIN
            CODE    0129H     0026H     UNIT         ?PR?_DELAY_MS?MAIN
            CODE    014FH     001AH     UNIT         ?PR?_SEND?MAIN
            CODE    0169H     0019H     UNIT         ?C?LIB_CODE
            CODE    0182H     0016H     UNIT         ?PR?_PLAY_MP3?MAIN
            CODE    0198H     0016H     UNIT         ?PR?MP3_INIT?MAIN
            CODE    01AEH     0013H     UNIT         ?PR?_SENDC?MAIN
            CODE    01C1H     0011H     UNIT         ?PR?UART_INIT?MAIN
            CODE    01D2H     000CH     UNIT         ?C_C51STARTUP
            CODE    01DEH     000AH     UNIT         ?PR?UART?MAIN



OVERLAY MAP OF MODULE:   test (?C_STARTUP)


SEGMENT
  +--> CALLED SEGMENT
---------------------
?C_C51STARTUP
  +--> ?PR?MAIN?MAIN

?PR?MAIN?MAIN
  +--> ?PR?SYS_INIT?MAIN
  +--> ?PR?_DELAY_MS?MAIN



BL51 BANKED LINKER/LOCATER V6.22                                                      05/08/2016  17:32:42  PAGE 2


SYMBOL TABLE OF MODULE:  test (?C_STARTUP)

  VALUE           TYPE          NAME
  ----------------------------------

  -------         MODULE        ?C_STARTUP
  C:01D2H         SEGMENT       ?C_C51STARTUP
  I:0009H         SEGMENT       ?STACK
  C:0000H         PUBLIC        ?C_STARTUP
  D:00E0H         SYMBOL        ACC
  D:00F0H         SYMBOL        B
  D:0083H         SYMBOL        DPH
  D:0082H         SYMBOL        DPL
  N:0000H         SYMBOL        IBPSTACK
  N:0100H         SYMBOL        IBPSTACKTOP
  N:0080H         SYMBOL        IDATALEN
  C:01D5H         SYMBOL        IDATALOOP
  N:0000H         SYMBOL        PBPSTACK
  N:0100H         SYMBOL        PBPSTACKTOP
  N:0000H         SYMBOL        PDATALEN
  N:0000H         SYMBOL        PDATASTART
  N:0000H         SYMBOL        PPAGE
  N:0000H         SYMBOL        PPAGEENABLE
  D:00A0H         SYMBOL        PPAGE_SFR
  D:0081H         SYMBOL        SP
  C:01D2H         SYMBOL        STARTUP1
  N:0000H         SYMBOL        XBPSTACK
  N:0000H         SYMBOL        XBPSTACKTOP
  N:0000H         SYMBOL        XDATALEN
  N:0000H         SYMBOL        XDATASTART
  C:0000H         LINE#         126
  C:01D2H         LINE#         133
  C:01D4H         LINE#         134
  C:01D5H         LINE#         135
  C:01D6H         LINE#         136
  C:01D8H         LINE#         185
  C:01DBH         LINE#         196
  -------         ENDMOD        ?C_STARTUP

  -------         MODULE        MAIN
  C:0000H         SYMBOL        _ICE_DUMMY_
  D:0092H         PUBLIC        P1M0
  D:0093H         PUBLIC        P0M1
  D:0096H         PUBLIC        P2M0
  D:0091H         PUBLIC        P1M1
  D:0080H         PUBLIC        P0
  D:00B2H         PUBLIC        P3M0
  D:0095H         PUBLIC        P2M1
  D:0090H         PUBLIC        P1
  D:00B4H         PUBLIC        P4M0
  D:00B1H         PUBLIC        P3M1
  D:00A0H         PUBLIC        P2
  D:00B3H         PUBLIC        P4M1
  D:00B0H         PUBLIC        P3
  D:00C0H         PUBLIC        P4
  D:00C8H         PUBLIC        P5
  B:00A8H.7       PUBLIC        EA
BL51 BANKED LINKER/LOCATER V6.22                                                      05/08/2016  17:32:42  PAGE 3


  D:00A8H         PUBLIC        IE
  C:01AEH         PUBLIC        _sendc
  C:0026H         PUBLIC        _mp3
  B:00A8H.4       PUBLIC        ES
  D:00B8H         PUBLIC        IP
  B:0098H.0       PUBLIC        RI
  B:0098H.1       PUBLIC        TI
  D:00D8H         PUBLIC        CCON
  C:00FFH         PUBLIC        main
  C:0198H         PUBLIC        mp3_init
  C:0182H         PUBLIC        _play_mp3
  C:015BH         PUBLIC        _send
  D:0099H         PUBLIC        SBUF
  D:0098H         PUBLIC        SCON
  D:0089H         PUBLIC        TMOD
  D:0088H         PUBLIC        TCON
  C:01DEH         PUBLIC        uart
  D:0008H         PUBLIC        buf
  D:008DH         PUBLIC        TH1
  B:0098H.7       PUBLIC        SM0
  B:0090H.0       PUBLIC        p10
  B:0098H.6       PUBLIC        SM1
  B:0090H.1       PUBLIC        p11
  B:0090H.2       PUBLIC        p12
  C:0129H         PUBLIC        _delay_ms
  B:0090H.3       PUBLIC        p13
  B:0090H.4       PUBLIC        p14
  B:0080H.5       PUBLIC        p05
  C:01C1H         PUBLIC        uart_init
  B:00C0H.2       PUBLIC        p42
  B:0090H.5       PUBLIC        p15
  B:0090H.6       PUBLIC        p16
  B:0080H.7       PUBLIC        p07
  B:0088H.6       PUBLIC        TR1
  B:00C0H.4       PUBLIC        p44
  B:0090H.7       PUBLIC        p17
  C:0003H         PUBLIC        sys_init
  D:00D0H         PUBLIC        PSW
  D:0094H         PUBLIC        P0M0
  -------         PROC          SYS_INIT
  C:0003H         LINE#         17
  C:0003H         LINE#         18
  C:0003H         LINE#         19
  C:0006H         LINE#         20
  C:0009H         LINE#         22
  C:000BH         LINE#         23
  C:000EH         LINE#         25
  C:0010H         LINE#         26
  C:0013H         LINE#         28
  C:0015H         LINE#         29
  C:0018H         LINE#         31
  C:001AH         LINE#         32
  C:001DH         LINE#         35
  -------         ENDPROC       SYS_INIT
  -------         PROC          _DELAY_MS
  D:0006H         SYMBOL        count
  -------         DO            
BL51 BANKED LINKER/LOCATER V6.22                                                      05/08/2016  17:32:42  PAGE 4


  D:0004H         SYMBOL        i
  D:0002H         SYMBOL        j
  -------         ENDDO         
  C:0129H         LINE#         42
  C:0129H         LINE#         43
  C:0129H         LINE#         45
  C:0139H         LINE#         46
  C:014EH         LINE#         47
  -------         ENDPROC       _DELAY_MS
  -------         PROC          UART_INIT
  C:01C1H         LINE#         12
  C:01C1H         LINE#         13
  C:01C1H         LINE#         14
  C:01C3H         LINE#         15
  C:01C6H         LINE#         24
  C:01C9H         LINE#         26
  C:01CBH         LINE#         28
  C:01CDH         LINE#         29
  C:01CFH         LINE#         30
  C:01D1H         LINE#         31
  -------         ENDPROC       UART_INIT
  C:014FH         SYMBOL        L?0052
  -------         PROC          L?0051
  -------         ENDPROC       L?0051
  C:014FH         SYMBOL        L?0052
  -------         PROC          _SEND
  D:0007H         SYMBOL        d
  C:015BH         LINE#         37
  C:015BH         LINE#         38
  C:015BH         LINE#         39
  C:015DH         LINE#         40
  C:015FH         LINE#         41
  C:0161H         LINE#         42
  C:0164H         LINE#         43
  C:0166H         LINE#         44
  C:0168H         LINE#         46
  -------         ENDPROC       _SEND
  -------         PROC          _SENDC
  D:0001H         SYMBOL        pd
  C:01AEH         LINE#         52
  C:01AEH         LINE#         53
  C:01AEH         LINE#         54
  C:01B4H         LINE#         55
  C:01B4H         LINE#         56
  C:01B7H         LINE#         57
  C:01BEH         LINE#         58
  C:01C0H         LINE#         59
  -------         ENDPROC       _SENDC
  -------         PROC          UART
  C:01DEH         LINE#         65
  C:01DEH         LINE#         67
  C:01E0H         LINE#         68
  C:01E2H         LINE#         69
  C:01E5H         LINE#         70
  C:01E7H         LINE#         71
  -------         ENDPROC       UART
  -------         PROC          _PLAY_MP3
BL51 BANKED LINKER/LOCATER V6.22                                                      05/08/2016  17:32:42  PAGE 5


  D:0005H         SYMBOL        floder
  D:0006H         SYMBOL        music
  C:0182H         LINE#         7
  C:0186H         LINE#         8
  C:0186H         LINE#         9
  C:0186H         LINE#         10
  C:0186H         LINE#         11
  C:0189H         LINE#         12
  C:018EH         LINE#         13
  C:0193H         LINE#         14
  -------         ENDPROC       _PLAY_MP3
  -------         PROC          _MP3
  D:0007H         SYMBOL        comd
  C:0026H         LINE#         16
  C:0026H         LINE#         17
  C:0026H         LINE#         18
  C:0061H         LINE#         19
  C:0061H         LINE#         20
  C:0061H         LINE#         21
  C:0061H         LINE#         22
  C:0064H         LINE#         23
  C:0066H         LINE#         24
  C:0066H         LINE#         25
  C:0066H         LINE#         26
  C:0068H         LINE#         27
  C:006DH         LINE#         28
  C:0072H         LINE#         29
  C:0073H         LINE#         30
  C:0073H         LINE#         31
  C:0076H         LINE#         32
  C:007BH         LINE#         33
  C:0080H         LINE#         34
  C:0080H         LINE#         35
  C:0080H         LINE#         36
  C:0083H         LINE#         37
  C:0088H         LINE#         38
  C:008DH         LINE#         39
  C:008EH         LINE#         40
  C:008EH         LINE#         41
  C:0090H         LINE#         42
  C:0095H         LINE#         43
  C:009AH         LINE#         44
  C:009CH         LINE#         45
  C:009CH         LINE#         46
  C:009EH         LINE#         47
  C:009EH         LINE#         48
  C:00A3H         LINE#         49
  C:00A8H         LINE#         50
  C:00AAH         LINE#         51
  C:00AAH         LINE#         52
  C:00ACH         LINE#         53
  C:00ACH         LINE#         54
  C:00B1H         LINE#         55
  C:00B6H         LINE#         56
  C:00B8H         LINE#         57
  C:00B8H         LINE#         58
  C:00BAH         LINE#         59
BL51 BANKED LINKER/LOCATER V6.22                                                      05/08/2016  17:32:42  PAGE 6


  C:00BFH         LINE#         60
  C:00C4H         LINE#         61
  C:00C9H         LINE#         62
  C:00CBH         LINE#         63
  C:00CBH         LINE#         64
  C:00CDH         LINE#         65
  C:00D2H         LINE#         66
  C:00D7H         LINE#         67
  C:00DCH         LINE#         68
  C:00DEH         LINE#         69
  C:00DEH         LINE#         70
  C:00E0H         LINE#         72
  C:00E0H         LINE#         73
  C:00E0H         LINE#         74
  C:00E3H         LINE#         75
  C:00E8H         LINE#         76
  C:00EAH         LINE#         77
  C:00EAH         LINE#         78
  C:00ECH         LINE#         79
  C:00ECH         LINE#         80
  C:00ECH         LINE#         81
  C:00EFH         LINE#         82
  C:00F4H         LINE#         83
  C:00F9H         LINE#         84
  C:00FEH         LINE#         85
  C:00FEH         LINE#         86
  C:00FEH         LINE#         88
  -------         ENDPROC       _MP3
  -------         PROC          MP3_INIT
  C:0198H         LINE#         94
  C:0198H         LINE#         95
  C:0198H         LINE#         96
  C:019DH         LINE#         97
  C:01A2H         LINE#         101
  C:01A4H         LINE#         102
  C:01ABH         LINE#         103
  C:01ADH         LINE#         104
  -------         ENDPROC       MP3_INIT
  -------         PROC          MAIN
  C:00FFH         LINE#         23
  C:00FFH         LINE#         24
  C:00FFH         LINE#         25
  C:0102H         LINE#         26
  C:0104H         LINE#         28
  C:0106H         LINE#         29
  C:0108H         LINE#         30
  C:010AH         LINE#         31
  C:010CH         LINE#         32
  C:010EH         LINE#         33
  C:0110H         LINE#         35
  C:0114H         LINE#         36
  C:0116H         LINE#         38
  C:0118H         LINE#         39
  C:011AH         LINE#         41
  C:011AH         LINE#         42
  C:011AH         LINE#         43
  C:011DH         LINE#         44
BL51 BANKED LINKER/LOCATER V6.22                                                      05/08/2016  17:32:42  PAGE 7


  C:011DH         LINE#         45
  C:0124H         LINE#         46
  C:0127H         LINE#         47
  C:0127H         LINE#         49
  C:0127H         LINE#         50
  C:0127H         LINE#         51
  -------         ENDPROC       MAIN
  -------         ENDMOD        MAIN

  -------         MODULE        ?C?CLDPTR
  C:0169H         PUBLIC        ?C?CLDPTR
  -------         ENDMOD        ?C?CLDPTR

*** WARNING L16: UNCALLED SEGMENT, IGNORED FOR OVERLAY PROCESS
    SEGMENT: ?PR?UART_INIT?MAIN

*** WARNING L16: UNCALLED SEGMENT, IGNORED FOR OVERLAY PROCESS
    SEGMENT: ?PR?_SENDC?MAIN

*** WARNING L16: UNCALLED SEGMENT, IGNORED FOR OVERLAY PROCESS
    SEGMENT: ?PR?_PLAY_MP3?MAIN

*** WARNING L16: UNCALLED SEGMENT, IGNORED FOR OVERLAY PROCESS
    SEGMENT: ?PR?MP3_INIT?MAIN

Program Size: data=10.0 xdata=0 code=483
LINK/LOCATE RUN COMPLETE.  4 WARNING(S),  0 ERROR(S)
