C51 COMPILER V9.02   MAIN                                                                  05/03/2016 02:05:04 PAGE 1   


C51 COMPILER V9.02, COMPILATION OF MODULE MAIN
OBJECT MODULE PLACED IN main.OBJ
COMPILER INVOKED BY: F:\Keil\C51\BIN\C51.EXE main.c BROWSE DEBUG OBJECTEXTEND

line level    source

   1          #include <STC/STC12C5A60S2.H>
   2          #include <common.h>
   3          #include "uart.h"
   4          #include "mp3.h"
   5          
   6          sbit STEP_0_SIGNAL = P4^4;      //第一关开启 关门
   7          sbit STEP_1_SIGNAL = P0^0;        //第一关完成
   8          sbit STEP_2_SIGNAL = P0^4;         //第二个完成 霍尔开关的接入
   9          sbit STEP_5_SIGANL = P1^4; // 
  10          sbit STEP_6_LINE_SIGNAL = P4^0; //16个点连线接入
  11          sbit STEP_6_TO_7_DOOR =  P4^2; //第六关完成的电磁锁
  12          sbit STEP_7_DOOR = P1^2;
  13          sbit STEP_7_SIGNAL = P1^3; 
  14          
  15          sbit TEST_HIGH = P0^1;
  16          sbit TEST_LOW = P0^2;
  17          //当前的步骤 没有参与过 = 0
  18          signed char step = 0;
  19          
  20          sbit OUT3_2 = P3^2;
  21          sbit OUT3_3 = P3^3;
  22          sbit OUT3_4 = P3^4;
  23          sbit OUT3_5 = P3^5;
  24          sbit OUT3_6 = P3^6;
  25          sbit OUT3_7 = P3^7;
  26          
  27          void playStep3();
  28          
  29          void main()
  30          {
  31   1              sys_init();
  32   1              OUT3_2 = 0;
  33   1              OUT3_3 = 0;
  34   1              OUT3_4 = 0;     
  35   1              OUT3_5 = 0;     
  36   1              OUT3_6 = 0;     
  37   1              OUT3_7 = 0;
  38   1              uart_init();
  39   1              mp3_init();
  40   1      
  41   1              while(1)
  42   1              {
  43   2                      TEST_HIGH = 1;
  44   2                      TEST_LOW = 0;
  45   2                      if(step == 0)
  46   2                      {
  47   3                              mp3(0x00);
  48   3                              if(STEP_0_SIGNAL == 1) //门关了 
  49   3                              {
  50   4                                      step = 152; 
  51   4                                      delay_ms(5000);
  52   4                                      
  53   4                                      play_mp3(0x00,0x01);       //播放第一个文件夹的第一个音乐
  54   4                              } 
  55   3                      }
C51 COMPILER V9.02   MAIN                                                                  05/03/2016 02:05:04 PAGE 2   

  56   2                      //第一关由敲门开关控制 直接就算完成了 
  57   2                      if(step == 2)  //机关4
  58   2                      {
  59   3                              if(STEP_2_SIGNAL == 1) //霍尔开关 
  60   3                              {
  61   4                                      step = 5; //进去第5个谜题 
  62   4                                      
  63   4                                      delay_ms(5000);
  64   4                                      play_mp3(0x00,0x02);
  65   4                              }
  66   3                      }
  67   2      
  68   2                      if(step == 5)
  69   2                      {
  70   3                              if(STEP_6_LINE_SIGNAL == 1)
  71   3                              {       
  72   4                                      delay_ms(500);
  73   4                                      if(STEP_5_SIGANL == 1)
  74   4                                      {
  75   5                                              step = 6;
  76   5                                      } 
  77   4                              } 
  78   3                      }
  79   2                      
  80   2                      if(step == 6) //机关5 接电线 
  81   2                      {
  82   3                              if(STEP_6_LINE_SIGNAL == 1)
  83   3                              {
  84   4                                      delay_ms(500);
  85   4                                      if(STEP_6_LINE_SIGNAL == 1) //接线成功 第6关完成 
  86   4                                      {
  87   5                                              step = 7;
  88   5                                              play_mp3(0x00,0x02);
  89   5                                              STEP_6_TO_7_DOOR = 0; //电磁锁开门 
  90   5                                      }
  91   4                              } 
  92   3                      }
  93   2                      
  94   2                      if(step == 7)//茶会解密
  95   2                      {
  96   3                              if(STEP_7_SIGNAL == 1)
  97   3                              {
  98   4                                      delay_ms(500);
  99   4                                      if(STEP_7_SIGNAL == 1)
 100   4                                      {
 101   5                                              step = 8;
 102   5                                              play_mp3(0x00,0x02);
 103   5                                              
 104   5                                              STEP_7_DOOR = 0; //打开7的门 
 105   5                                      }
 106   4                              }
 107   3                      } 
 108   2              }
 109   1      }
 110          
 111          //初始化所有口
 112          void INIT_COM()
 113          {
 114   1              
 115   1      }


C51 COMPILER V9.02   MAIN                                                                  05/03/2016 02:05:04 PAGE 3   

MODULE INFORMATION:   STATIC OVERLAYABLE
   CODE SIZE        =    546    ----
   CONSTANT SIZE    =   ----    ----
   XDATA SIZE       =   ----    ----
   PDATA SIZE       =   ----    ----
   DATA SIZE        =      2    ----
   IDATA SIZE       =   ----    ----
   BIT SIZE         =   ----    ----
END OF MODULE INFORMATION.


C51 COMPILATION COMPLETE.  0 WARNING(S),  0 ERROR(S)
